
[Incubating] Problems report is available at: file:///C:/MADLearningEnglish/english_mobile/build/reports/problems/problems-report.html
