> Task :app:preBuild UP-TO-DATE
> Task :app:preDebugBuild UP-TO-DATE
> Task :app:mergeDebugNativeDebugMetadata NO-SOURCE
> Task :app:checkKotlinGradlePluginConfigurationErrors SKIPPED
> Task :app:dataBindingMergeDependencyArtifactsDebug UP-TO-DATE
> Task :app:generateDebugResValues UP-TO-DATE
> Task :app:generateDebugResources UP-TO-DATE
> Task :app:mergeDebugResources UP-TO-DATE
> Task :app:packageDebugResources UP-TO-DATE
> Task :app:processDebugNavigationResources UP-TO-DATE
> Task :app:parseDebugLocalResources UP-TO-DATE
> Task :app:dataBindingGenBaseClassesDebug UP-TO-DATE
> Task :app:dataBindingTriggerDebug UP-TO-DATE
> Task :app:checkDebugAarMetadata UP-TO-DATE
> Task :app:compileDebugNavigationResources UP-TO-DATE
> Task :app:mapDebugSourceSetPaths UP-TO-DATE
> Task :app:createDebugCompatibleScreenManifests UP-TO-DATE
> Task :app:extractDeepLinksDebug UP-TO-DATE
> Task :app:processDebugMainManifest UP-TO-DATE
> Task :app:processDebugManifest UP-TO-DATE
> Task :app:processDebugManifestForPackage UP-TO-DATE
> Task :app:processDebugResources UP-TO-DATE
> Task :app:kspDebugKotlin UP-TO-DATE
> Task :app:kaptGenerateStubsDebugKotlin UP-TO-DATE
> Task :app:kaptDebugKotlin UP-TO-DATE
> Task :app:javaPreCompileDebug UP-TO-DATE
> Task :app:mergeDebugShaders UP-TO-DATE
> Task :app:compileDebugShaders NO-SOURCE
> Task :app:generateDebugAssets UP-TO-DATE
> Task :app:mergeDebugAssets UP-TO-DATE
> Task :app:compressDebugAssets UP-TO-DATE
> Task :app:checkDebugDuplicateClasses UP-TO-DATE
> Task :app:desugarDebugFileDependencies UP-TO-DATE
> Task :app:mergeExtDexDebug UP-TO-DATE
> Task :app:mergeLibDexDebug UP-TO-DATE
> Task :app:mergeDebugJniLibFolders UP-TO-DATE
> Task :app:mergeDebugNativeLibs UP-TO-DATE
> Task :app:stripDebugDebugSymbols UP-TO-DATE
> Task :app:validateSigningDebug UP-TO-DATE
> Task :app:writeDebugAppMetadata UP-TO-DATE
> Task :app:writeDebugSigningConfigVersions UP-TO-DATE

> Task :app:compileDebugKotlin FAILED
./gradlew : e: file:///C:/
MADLearningEnglish/english
_mobile/app/src/main/java/
com/mit/learning_english/p
resentation/feature/editde
ck/EditDeckFragment.kt:57:
17 Unresolved reference 
'tvTitle'.
At line:1 char:1
+ ./gradlew assembleDebug 
> ./build_output.txt 2>&1
+ ~~~~~~~~~~~~~~~~~~~~~~~~
~~~~~~~~~~~~~~~~~~~~~~~~~
    + CategoryInfo        
      : NotSpecified: (e  
  : file:///C:/M...ence   
  'tvTitle'.:String) [    
], RemoteException
    + FullyQualifiedError 
   Id : NativeCommandErr  
  or
 
e: file:///C:/MADLearningE
nglish/english_mobile/app/
src/main/java/com/mit/lear
ning_english/presentation/
feature/editdeck/EditDeckF
ragment.kt:137:22 
Unresolved reference 
'tvDialogTitle'.
e: file:///C:/MADLearningE
nglish/english_mobile/app/
src/main/java/com/mit/lear
ning_english/presentation/
feature/editdeck/EditDeckF
ragment.kt:138:22 
Unresolved reference 
'tvDialogMessage'.
e: file:///C:/MADLearningE
nglish/english_mobile/app/
src/main/java/com/mit/lear
ning_english/presentation/
feature/editdeck/EditDeckV
iewModel.kt:26:5 
Inapplicable 
candidate(s): 
constructor<STATE : 
BaseUiState<STATE>, 
EVENT>(initialState: 
STATE): 
BaseViewModel<STATE, 
EVENT>
e: file:///C:/MADLearningE
nglish/english_mobile/app/
src/main/java/com/mit/lear
ning_english/presentation/
feature/editdeck/EditDeckV
iewModel.kt:26:19 Type 
argument is not within 
its bounds: must be 
subtype of 'BaseUiState<Ed
itDeckState>'.
e: file:///C:/MADLearningE
nglish/english_mobile/app/
src/main/java/com/mit/lear
ning_english/presentation/
feature/editdeck/Flashcard
EditAdapter.kt:11:45 
Unresolved reference 'Item
FlashcardInputBinding'.
e: file:///C:/MADLearningE
nglish/english_mobile/app/
src/main/java/com/mit/lear
ning_english/presentation/
feature/editdeck/Flashcard
EditAdapter.kt:30:23 
Unresolved reference 'Item
FlashcardInputBinding'.
e: file:///C:/MADLearningE
nglish/english_mobile/app/
src/main/java/com/mit/lear
ning_english/presentation/
feature/editdeck/Flashcard
EditAdapter.kt:46:30 
Unresolved reference 'Item
FlashcardInputBinding'.
e: file:///C:/MADLearningE
nglish/english_mobile/app/
src/main/java/com/mit/lear
ning_english/presentation/
feature/editdeck/Flashcard
EditAdapter.kt:47:33 
Argument type mismatch: 
actual type is 'File', 
but 'View' was expected.
e: file:///C:/MADLearningE
nglish/english_mobile/app/
src/main/java/com/mit/lear
ning_english/presentation/
feature/editdeck/Flashcard
EditAdapter.kt:47:41 
Cannot access 'val 
File.root: File': it is 
internal in file.
e: file:///C:/MADLearningE
nglish/english_mobile/app/
src/main/java/com/mit/lear
ning_english/presentation/
feature/editdeck/Flashcard
EditAdapter.kt:65:21 
Unresolved reference 
'etWord'.
e: file:///C:/MADLearningE
nglish/english_mobile/app/
src/main/java/com/mit/lear
ning_english/presentation/
feature/editdeck/Flashcard
EditAdapter.kt:66:21 
Unresolved reference 
'etPhonetic'.
e: file:///C:/MADLearningE
nglish/english_mobile/app/
src/main/java/com/mit/lear
ning_english/presentation/
feature/editdeck/Flashcard
EditAdapter.kt:67:21 
Unresolved reference 
'etMeaning'.
e: file:///C:/MADLearningE
nglish/english_mobile/app/
src/main/java/com/mit/lear
ning_english/presentation/
feature/editdeck/Flashcard
EditAdapter.kt:68:21 
Unresolved reference 
'etExample'.
e: file:///C:/MADLearningE
nglish/english_mobile/app/
src/main/java/com/mit/lear
ning_english/presentation/
feature/editdeck/Flashcard
EditAdapter.kt:70:21 
Unresolved reference 
'layoutHeader'.
e: file:///C:/MADLearningE
nglish/english_mobile/app/
src/main/java/com/mit/lear
ning_english/presentation/
feature/editdeck/Flashcard
EditAdapter.kt:74:21 
Unresolved reference 
'btnDelete'.
e: file:///C:/MADLearningE
nglish/english_mobile/app/
src/main/java/com/mit/lear
ning_english/presentation/
feature/editdeck/Flashcard
EditAdapter.kt:85:21 
Unresolved reference 
'tvCardNumber'.
e: file:///C:/MADLearningE
nglish/english_mobile/app/
src/main/java/com/mit/lear
ning_english/presentation/
feature/editdeck/Flashcard
EditAdapter.kt:88:46 
Unresolved reference 
'etWord'.
e: file:///C:/MADLearningE
nglish/english_mobile/app/
src/main/java/com/mit/lear
ning_english/presentation/
feature/editdeck/Flashcard
EditAdapter.kt:89:46 
Unresolved reference 
'etPhonetic'.
e: file:///C:/MADLearningE
nglish/english_mobile/app/
src/main/java/com/mit/lear
ning_english/presentation/
feature/editdeck/Flashcard
EditAdapter.kt:90:46 
Unresolved reference 
'etMeaning'.
e: file:///C:/MADLearningE
nglish/english_mobile/app/
src/main/java/com/mit/lear
ning_english/presentation/
feature/editdeck/Flashcard
EditAdapter.kt:91:46 
Unresolved reference 
'etExample'.
e: file:///C:/MADLearningE
nglish/english_mobile/app/
src/main/java/com/mit/lear
ning_english/presentation/
feature/editdeck/Flashcard
EditAdapter.kt:95:25 
Unresolved reference 
'tvWordPreview'.
e: file:///C:/MADLearningE
nglish/english_mobile/app/
src/main/java/com/mit/lear
ning_english/presentation/
feature/editdeck/Flashcard
EditAdapter.kt:97:25 
Unresolved reference 
'tvWordPreview'.
e: file:///C:/MADLearningE
nglish/english_mobile/app/
src/main/java/com/mit/lear
ning_english/presentation/
feature/editdeck/Flashcard
EditAdapter.kt:101:25 
Unresolved reference 
'tvMeaningPreview'.
e: file:///C:/MADLearningE
nglish/english_mobile/app/
src/main/java/com/mit/lear
ning_english/presentation/
feature/editdeck/Flashcard
EditAdapter.kt:103:25 
Unresolved reference 
'tvMeaningPreview'.
e: file:///C:/MADLearningE
nglish/english_mobile/app/
src/main/java/com/mit/lear
ning_english/presentation/
feature/editdeck/Flashcard
EditAdapter.kt:108:25 
Unresolved reference 
'layoutDetails'.
e: file:///C:/MADLearningE
nglish/english_mobile/app/
src/main/java/com/mit/lear
ning_english/presentation/
feature/editdeck/Flashcard
EditAdapter.kt:109:25 
Unresolved reference 
'btnExpand'.
e: file:///C:/MADLearningE
nglish/english_mobile/app/
src/main/java/com/mit/lear
ning_english/presentation/
feature/editdeck/Flashcard
EditAdapter.kt:111:25 
Unresolved reference 
'layoutDetails'.
e: file:///C:/MADLearningE
nglish/english_mobile/app/
src/main/java/com/mit/lear
ning_english/presentation/
feature/editdeck/Flashcard
EditAdapter.kt:112:25 
Unresolved reference 
'btnExpand'.

FAILURE: Build failed 
with an exception.

* What went wrong:
Execution failed for task 
':app:compileDebugKotlin'.
> A failure occurred 
while executing org.jetbra
ins.kotlin.compilerRunner.
GradleCompilerRunnerWithWo
rkers$GradleKotlinCompiler
WorkAction
   > Compilation error. 
See log for more details

* Try:
> Run with --stacktrace 
option to get the stack 
trace.
> Run with --info or 
--debug option to get 
more log output.
> Run with --scan to get 
full insights.
> Get more help at 
https://help.gradle.org.

BUILD FAILED in 4s
36 actionable tasks: 1 executed, 35 up-to-date
